// Jest Snapshot v1, https://goo.gl/fbAQLP

exports[`LambdaConstruct synthetizes properly 1`] = `
"{
  \\"Resources\\": {
    \\"LambdaServiceRoleFC57F673\\": {
      \\"Type\\": \\"AWS::IAM::Role\\",
      \\"Properties\\": {
        \\"AssumeRolePolicyDocument\\": {
          \\"Statement\\": [
            {
              \\"Action\\": \\"sts:AssumeRole\\",
              \\"Effect\\": \\"Allow\\",
              \\"Principal\\": {
                \\"Service\\": \\"lambda.amazonaws.com\\"
              }
            }
          ],
          \\"Version\\": \\"2012-10-17\\"
        },
        \\"ManagedPolicyArns\\": [
          {
            \\"Fn::Join\\": [
              \\"\\",
              [
                \\"arn:\\",
                {
                  \\"Ref\\": \\"AWS::Partition\\"
                },
                \\":iam::aws:policy/service-role/AWSLambdaBasicExecutionRole\\"
              ]
            ]
          }
        ]
      }
    },
    \\"Lambda04A6F88D\\": {
      \\"Type\\": \\"AWS::Lambda::Function\\",
      \\"Properties\\": {
        \\"Code\\": {
          \\"S3Bucket\\": {
            \\"Ref\\": \\"AssetParametersf07ecf78d8de4fd74f5fe314bf9505be390b1cc665ccc5b05ef8ce4aeed2be62S3Bucket60B0362A\\"
          },
          \\"S3Key\\": {
            \\"Fn::Join\\": [
              \\"\\",
              [
                {
                  \\"Fn::Select\\": [
                    0,
                    {
                      \\"Fn::Split\\": [
                        \\"||\\",
                        {
                          \\"Ref\\": \\"AssetParametersf07ecf78d8de4fd74f5fe314bf9505be390b1cc665ccc5b05ef8ce4aeed2be62S3VersionKey0758FFA8\\"
                        }
                      ]
                    }
                  ]
                },
                {
                  \\"Fn::Select\\": [
                    1,
                    {
                      \\"Fn::Split\\": [
                        \\"||\\",
                        {
                          \\"Ref\\": \\"AssetParametersf07ecf78d8de4fd74f5fe314bf9505be390b1cc665ccc5b05ef8ce4aeed2be62S3VersionKey0758FFA8\\"
                        }
                      ]
                    }
                  ]
                }
              ]
            ]
          }
        },
        \\"Handler\\": \\"index.handler\\",
        \\"Role\\": {
          \\"Fn::GetAtt\\": [
            \\"LambdaServiceRoleFC57F673\\",
            \\"Arn\\"
          ]
        },
        \\"Runtime\\": \\"nodejs12.x\\"
      },
      \\"DependsOn\\": [
        \\"LambdaServiceRoleFC57F673\\"
      ]
    }
  },
  \\"Parameters\\": {
    \\"AssetParametersf07ecf78d8de4fd74f5fe314bf9505be390b1cc665ccc5b05ef8ce4aeed2be62S3Bucket60B0362A\\": {
      \\"Type\\": \\"String\\",
      \\"Description\\": \\"S3 bucket for asset \\\\\\"f07ecf78d8de4fd74f5fe314bf9505be390b1cc665ccc5b05ef8ce4aeed2be62\\\\\\"\\"
    },
    \\"AssetParametersf07ecf78d8de4fd74f5fe314bf9505be390b1cc665ccc5b05ef8ce4aeed2be62S3VersionKey0758FFA8\\": {
      \\"Type\\": \\"String\\",
      \\"Description\\": \\"S3 key for asset version \\\\\\"f07ecf78d8de4fd74f5fe314bf9505be390b1cc665ccc5b05ef8ce4aeed2be62\\\\\\"\\"
    },
    \\"AssetParametersf07ecf78d8de4fd74f5fe314bf9505be390b1cc665ccc5b05ef8ce4aeed2be62ArtifactHashD1B4CB31\\": {
      \\"Type\\": \\"String\\",
      \\"Description\\": \\"Artifact hash for asset \\\\\\"f07ecf78d8de4fd74f5fe314bf9505be390b1cc665ccc5b05ef8ce4aeed2be62\\\\\\"\\"
    }
  }
}"
`;
